[INFO] Scanning for projects...
[INFO] 
[INFO] ----------------------< com.example1:GetYourRide >----------------------
[INFO] Building GetYourRide 0.0.1-SNAPSHOT
[INFO]   from pom.xml
[INFO] --------------------------------[ jar ]---------------------------------
[INFO] 
[INFO] --- resources:3.3.1:resources (default-resources) @ GetYourRide ---
[INFO] Copying 1 resource from src\main\resources to target\classes
[INFO] Copying 0 resource from src\main\resources to target\classes
[INFO] 
[INFO] --- compiler:3.14.1:compile (default-compile) @ GetYourRide ---
[INFO] Nothing to compile - all classes are up to date.
[INFO] ------------------------------------------------------------------------
[INFO] BUILD SUCCESS
[INFO] ------------------------------------------------------------------------
[INFO] Total time:  29.649 s
[INFO] Finished at: 2026-08-05T15:46:57+02:00
[INFO] ------------------------------------------------------------------------
