#
# There is insufficient memory for the Java Runtime Environment to continue.
# Native memory allocation (malloc) failed to allocate 32784 bytes. Error detail: Chunk::new
# Possible reasons:
#   The system is out of physical RAM or swap space
#   This process is running with CompressedOops enabled, and the Java Heap may be blocking the growth of the native heap
# Possible solutions:
#   Reduce memory load on the system
#   Increase physical memory or swap space
#   Check if swap backing store is full
#   Decrease Java heap size (-Xmx/-Xms)
#   Decrease number of Java threads
#   Decrease Java thread stack sizes (-Xss)
#   Set larger code cache with -XX:ReservedCodeCacheSize=
#   JVM is running with Unscaled Compressed Oops mode in which the Java heap is
#     placed in the first 4GB address space. The Java Heap base address is the
#     maximum limit for the native heap growth. Please use -XX:HeapBaseMinAddress
#     to set the Java Heap base and to place the Java Heap above 4GB virtual address.
# This output file may be truncated or incomplete.
#
#  Out of Memory Error (arena.cpp:191), pid=17648, tid=16420
#
# JRE version: OpenJDK Runtime Environment Corretto-17.0.20.8.1 (17.0.20+8) (build 17.0.20+8-LTS)
# Java VM: OpenJDK 64-Bit Server VM Corretto-17.0.20.8.1 (17.0.20+8-LTS, mixed mode, sharing, tiered, compressed oops, compressed class ptrs, g1 gc, windows-amd64)
# No core dump will be written. Minidumps are not enabled by default on client versions of Windows
#

---------------  S U M M A R Y ------------

Command Line: --enable-native-access=ALL-UNNAMED -Dclassworlds.conf=C:\Users\mgung\.m2\wrapper\dists\apache-maven-3.9.16\0daed3be3ebd1c706f0e69e8b07c6b73f5cc4ea3dfce72a8d0ec2e849ca2ddb0\bin\m2.conf -Dmaven.home=C:\Users\mgung\.m2\wrapper\dists\apache-maven-3.9.16\0daed3be3ebd1c706f0e69e8b07c6b73f5cc4ea3dfce72a8d0ec2e849ca2ddb0 -Dlibrary.jansi.path=C:\Users\mgung\.m2\wrapper\dists\apache-maven-3.9.16\0daed3be3ebd1c706f0e69e8b07c6b73f5cc4ea3dfce72a8d0ec2e849ca2ddb0\lib\jansi-native -Dmaven.multiModuleProjectDirectory=C:\AndroidProject\GetYourRide_backend org.codehaus.plexus.classworlds.launcher.Launcher spring-boot:run

Host: Intel(R) Celeron(R) N4500 @ 1.10GHz, 2 cores, 3G,  Windows 11 , 64 bit Build 26100 (10.0.26100.8875)
Time: Fri Aug  7 08:22:36 2026 South Africa Standard Time elapsed time: 159.195560 seconds (0d 0h 2m 39s)

---------------  T H R E A D  ---------------

Current thread (0x000001559fe99a10):  JavaThread "C2 CompilerThread0" daemon [_thread_in_native, id=16420, stack(0x0000004bb1700000,0x0000004bb1800000)]


Current CompileTask:
C2:159196 4764       4       org.eclipse.sisu.bean.DeclaredMembers$MemberIterator::hasNext (97 bytes)

Stack: [0x0000004bb1700000,0x0000004bb1800000]
Native frames: (J=compiled Java code, j=interpreted, Vv=VM code, C=native code)
V  [jvm.dll+0x68bf89]
V  [jvm.dll+0x8425b9]
V  [jvm.dll+0x84432b]
V  [jvm.dll+0x8449b3]
V  [jvm.dll+0x24d0af]
V  [jvm.dll+0xaed16]
V  [jvm.dll+0xaf3bc]
V  [jvm.dll+0xba96d]
V  [jvm.dll+0x592405]
V  [jvm.dll+0x226e84]
V  [jvm.dll+0x21f7df]
V  [jvm.dll+0x21d24f]
V  [jvm.dll+0x1a8d60]
V  [jvm.dll+0x22dc1d]
V  [jvm.dll+0x22bda6]
V  [jvm.dll+0x7f871b]
V  [jvm.dll+0x7f2aec]
V  [jvm.dll+0x68ae97]
C  [ucrtbase.dll+0x2cd30]
C  [KERNEL32.DLL+0x2e957]
C  [ntdll.dll+0xaad6c]


---------------  P R O C E S S  ---------------

Threads class SMR info:
_java_thread_list=0x00000155e53325a0, length=13, elements={
0x0000015583268940, 0x000001559fe7aa40, 0x000001559fe7d7c0, 0x000001559fe94f20,
0x000001559fe958e0, 0x000001559fe962a0, 0x000001559fe96c60, 0x000001559fe99a10,
0x000001559ff00370, 0x000001559ff0c4d0, 0x00000155e5191580, 0x00000155e51a8140,
0x00000155e5e0c0c0
}

Java Threads: ( => current thread )
  0x0000015583268940 JavaThread "main" [_thread_in_vm, id=17012, stack(0x0000004bb0900000,0x0000004bb0a00000)]
  0x000001559fe7aa40 JavaThread "Reference Handler" daemon [_thread_blocked, id=16424, stack(0x0000004bb1100000,0x0000004bb1200000)]
  0x000001559fe7d7c0 JavaThread "Finalizer" daemon [_thread_blocked, id=15452, stack(0x0000004bb1200000,0x0000004bb1300000)]
  0x000001559fe94f20 JavaThread "Signal Dispatcher" daemon [_thread_blocked, id=8336, stack(0x0000004bb1300000,0x0000004bb1400000)]
  0x000001559fe958e0 JavaThread "Attach Listener" daemon [_thread_blocked, id=348, stack(0x0000004bb1400000,0x0000004bb1500000)]
  0x000001559fe962a0 JavaThread "Service Thread" daemon [_thread_blocked, id=15188, stack(0x0000004bb1500000,0x0000004bb1600000)]
  0x000001559fe96c60 JavaThread "Monitor Deflation Thread" daemon [_thread_blocked, id=18320, stack(0x0000004bb1600000,0x0000004bb1700000)]
=>0x000001559fe99a10 JavaThread "C2 CompilerThread0" daemon [_thread_in_native, id=16420, stack(0x0000004bb1700000,0x0000004bb1800000)]
  0x000001559ff00370 JavaThread "C1 CompilerThread0" daemon [_thread_in_native, id=18316, stack(0x0000004bb1800000,0x0000004bb1900000)]
  0x000001559ff0c4d0 JavaThread "Sweeper thread" daemon [_thread_blocked, id=8148, stack(0x0000004bb1900000,0x0000004bb1a00000)]
  0x00000155e5191580 JavaThread "Notification Thread" daemon [_thread_blocked, id=13220, stack(0x0000004bb1a00000,0x0000004bb1b00000)]
  0x00000155e51a8140 JavaThread "Common-Cleaner" daemon [_thread_blocked, id=17436, stack(0x0000004bb1c00000,0x0000004bb1d00000)]
  0x00000155e5e0c0c0 JavaThread "Thread-1" daemon [_thread_blocked, id=6972, stack(0x0000004bb1d00000,0x0000004bb1e00000)]

Other Threads:
  0x0000015583317930 VMThread "VM Thread" [stack: 0x0000004bb1000000,0x0000004bb1100000] [id=8792]
  0x00000155e5193e80 WatcherThread [stack: 0x0000004bb1b00000,0x0000004bb1c00000] [id=18200]
  0x00000155832a5940 GCTaskThread "GC Thread#0" [stack: 0x0000004bb0b00000,0x0000004bb0c00000] [id=6744]
  0x00000155e53c0dc0 GCTaskThread "GC Thread#1" [stack: 0x0000004bb1e00000,0x0000004bb1f00000] [id=4856]
  0x00000155832af100 ConcurrentGCThread "G1 Main Marker" [stack: 0x0000004bb0c00000,0x0000004bb0d00000] [id=6276]
  0x00000155832b0cd0 ConcurrentGCThread "G1 Conc#0" [stack: 0x0000004bb0d00000,0x0000004bb0e00000] [id=17128]
  0x00000155832e3720 ConcurrentGCThread "G1 Refine#0" [stack: 0x0000004bb0e00000,0x0000004bb0f00000] [id=14108]
  0x00000155832e7310 ConcurrentGCThread "G1 Service" [stack: 0x0000004bb0f00000,0x0000004bb1000000] [id=17568]

Threads with active compile tasks:
C2 CompilerThread0  159269 4764       4       org.eclipse.sisu.bean.DeclaredMembers$MemberIterator::hasNext (97 bytes)
C1 CompilerThread0  159269 4767       3       java.lang.Module::canRead (86 bytes)

VM state: not at safepoint (normal execution)

VM Mutex/Monitor currently owned by a thread: None

Heap address: 0x00000000c3200000, size: 974 MB, Compressed Oops mode: 32-bit

CDS archive(s) mapped at: [0x00000155a0000000-0x00000155a0bb0000-0x00000155a0bb0000), size 12255232, SharedBaseAddress: 0x00000155a0000000, ArchiveRelocationMode: 1.
Compressed class space mapped at: 0x00000155a1000000-0x00000155e1000000, reserved size: 1073741824
Narrow klass base: 0x00000155a0000000, Narrow klass shift: 0, Narrow klass range: 0x100000000

GC Precious Log:
 CPUs: 2 total, 2 available
 Memory: 3889M
 Large Page Support: Disabled
 NUMA Support: Disabled
 Compressed Oops: Enabled (32-bit)
 Heap Region Size: 1M
 Heap Min Capacity: 8M
 Heap Initial Capacity: 62M
 Heap Max Capacity: 974M
 Pre-touch: Disabled
 Parallel Workers: 2
 Concurrent Workers: 1
 Concurrent Refinement Workers: 2
 Periodic GC: Disabled

Heap:
 garbage-first heap   total 63488K, used 17833K [0x00000000c3200000, 0x0000000100000000)
  region size 1024K, 3 young (3072K), 1 survivors (1024K)
 Metaspace       used 17851K, committed 18112K, reserved 1114112K
  class space    used 2052K, committed 2176K, reserved 1048576K

Heap Regions: E=young(eden), S=young(survivor), O=old, HS=humongous(starts), HC=humongous(continues), CS=collection set, F=free, OA=open archive, CA=closed archive, TAMS=top-at-mark-start (previous, next)
|   0|0x00000000c3200000, 0x00000000c3300000, 0x00000000c3300000|100%| O|  |TAMS 0x00000000c3300000, 0x00000000c3200000| Untracked 
|   1|0x00000000c3300000, 0x00000000c3400000, 0x00000000c3400000|100%| O|  |TAMS 0x00000000c3400000, 0x00000000c3300000| Untracked 
|   2|0x00000000c3400000, 0x00000000c3500000, 0x00000000c3500000|100%| O|  |TAMS 0x00000000c3500000, 0x00000000c3400000| Untracked 
|   3|0x00000000c3500000, 0x00000000c3600000, 0x00000000c3600000|100%| O|  |TAMS 0x00000000c3600000, 0x00000000c3500000| Untracked 
|   4|0x00000000c3600000, 0x00000000c3700000, 0x00000000c3700000|100%| O|  |TAMS 0x00000000c3700000, 0x00000000c3600000| Untracked 
|   5|0x00000000c3700000, 0x00000000c3800000, 0x00000000c3800000|100%| O|  |TAMS 0x00000000c3800000, 0x00000000c3700000| Untracked 
|   6|0x00000000c3800000, 0x00000000c3900000, 0x00000000c3900000|100%| O|  |TAMS 0x00000000c3900000, 0x00000000c3800000| Untracked 
|   7|0x00000000c3900000, 0x00000000c3a00000, 0x00000000c3a00000|100%| O|  |TAMS 0x00000000c3a00000, 0x00000000c3900000| Untracked 
|   8|0x00000000c3a00000, 0x00000000c3b00000, 0x00000000c3b00000|100%| O|  |TAMS 0x00000000c3b00000, 0x00000000c3a00000| Untracked 
|   9|0x00000000c3b00000, 0x00000000c3c00000, 0x00000000c3c00000|100%| O|  |TAMS 0x00000000c3c00000, 0x00000000c3b00000| Untracked 
|  10|0x00000000c3c00000, 0x00000000c3d00000, 0x00000000c3d00000|100%| O|  |TAMS 0x00000000c3d00000, 0x00000000c3c00000| Untracked 
|  11|0x00000000c3d00000, 0x00000000c3e00000, 0x00000000c3e00000|100%| O|  |TAMS 0x00000000c3e00000, 0x00000000c3d00000| Untracked 
|  12|0x00000000c3e00000, 0x00000000c3f00000, 0x00000000c3f00000|100%| O|  |TAMS 0x00000000c3e5fe00, 0x00000000c3e00000| Complete 
|  13|0x00000000c3f00000, 0x00000000c3f00000, 0x00000000c4000000|  0%| F|  |TAMS 0x00000000c3f00000, 0x00000000c3f00000| Untracked 
|  14|0x00000000c4000000, 0x00000000c4000000, 0x00000000c4100000|  0%| F|  |TAMS 0x00000000c4000000, 0x00000000c4000000| Untracked 
|  15|0x00000000c4100000, 0x00000000c4100000, 0x00000000c4200000|  0%| F|  |TAMS 0x00000000c4100000, 0x00000000c4100000| Untracked 
|  16|0x00000000c4200000, 0x00000000c4200000, 0x00000000c4300000|  0%| F|  |TAMS 0x00000000c4200000, 0x00000000c4200000| Untracked 
|  17|0x00000000c4300000, 0x00000000c4300000, 0x00000000c4400000|  0%| F|  |TAMS 0x00000000c4300000, 0x00000000c4300000| Untracked 
|  18|0x00000000c4400000, 0x00000000c4400000, 0x00000000c4500000|  0%| F|  |TAMS 0x00000000c4400000, 0x00000000c4400000| Untracked 
|  19|0x00000000c4500000, 0x00000000c4500000, 0x00000000c4600000|  0%| F|  |TAMS 0x00000000c4500000, 0x00000000c4500000| Untracked 
|  20|0x00000000c4600000, 0x00000000c4600000, 0x00000000c4700000|  0%| F|  |TAMS 0x00000000c4600000, 0x00000000c4600000| Untracked 
|  21|0x00000000c4700000, 0x00000000c4800000, 0x00000000c4800000|100%| O|  |TAMS 0x00000000c4700000, 0x00000000c4700000| Untracked 
|  22|0x00000000c4800000, 0x00000000c4900000, 0x00000000c4900000|100%| O|  |TAMS 0x00000000c4800000, 0x00000000c4800000| Untracked 
|  23|0x00000000c4900000, 0x00000000c498f600, 0x00000000c4a00000| 56%| O|  |TAMS 0x00000000c4900000, 0x00000000c4900000| Untracked 
|  24|0x00000000c4a00000, 0x00000000c4adb060, 0x00000000c4b00000| 85%| S|CS|TAMS 0x00000000c4a00000, 0x00000000c4a00000| Complete 
|  25|0x00000000c4b00000, 0x00000000c4b00000, 0x00000000c4c00000|  0%| F|  |TAMS 0x00000000c4b00000, 0x00000000c4b00000| Untracked 
|  26|0x00000000c4c00000, 0x00000000c4c00000, 0x00000000c4d00000|  0%| F|  |TAMS 0x00000000c4c00000, 0x00000000c4c00000| Untracked 
|  27|0x00000000c4d00000, 0x00000000c4d00000, 0x00000000c4e00000|  0%| F|  |TAMS 0x00000000c4d00000, 0x00000000c4d00000| Untracked 
|  28|0x00000000c4e00000, 0x00000000c4e00000, 0x00000000c4f00000|  0%| F|  |TAMS 0x00000000c4e00000, 0x00000000c4e00000| Untracked 
|  29|0x00000000c4f00000, 0x00000000c4f00000, 0x00000000c5000000|  0%| F|  |TAMS 0x00000000c4f00000, 0x00000000c4f00000| Untracked 
|  30|0x00000000c5000000, 0x00000000c5000000, 0x00000000c5100000|  0%| F|  |TAMS 0x00000000c5000000, 0x00000000c5000000| Untracked 
|  31|0x00000000c5100000, 0x00000000c5100000, 0x00000000c5200000|  0%| F|  |TAMS 0x00000000c5100000, 0x00000000c5100000| Untracked 
|  32|0x00000000c5200000, 0x00000000c5200000, 0x00000000c5300000|  0%| F|  |TAMS 0x00000000c5200000, 0x00000000c5200000| Untracked 
|  33|0x00000000c5300000, 0x00000000c5300000, 0x00000000c5400000|  0%| F|  |TAMS 0x00000000c5300000, 0x00000000c5300000| Untracked 
|  34|0x00000000c5400000, 0x00000000c5400000, 0x00000000c5500000|  0%| F|  |TAMS 0x00000000c5400000, 0x00000000c5400000| Untracked 
|  35|0x00000000c5500000, 0x00000000c5500000, 0x00000000c5600000|  0%| F|  |TAMS 0x00000000c5500000, 0x00000000c5500000| Untracked 
|  36|0x00000000c5600000, 0x00000000c5600000, 0x00000000c5700000|  0%| F|  |TAMS 0x00000000c5600000, 0x00000000c5600000| Untracked 
|  37|0x00000000c5700000, 0x00000000c5700000, 0x00000000c5800000|  0%| F|  |TAMS 0x00000000c5700000, 0x00000000c5700000| Untracked 
|  38|0x00000000c5800000, 0x00000000c5800000, 0x00000000c5900000|  0%| F|  |TAMS 0x00000000c5800000, 0x00000000c5800000| Untracked 
|  39|0x00000000c5900000, 0x00000000c5900000, 0x00000000c5a00000|  0%| F|  |TAMS 0x00000000c5900000, 0x00000000c5900000| Untracked 
|  40|0x00000000c5a00000, 0x00000000c5a00000, 0x00000000c5b00000|  0%| F|  |TAMS 0x00000000c5a00000, 0x00000000c5a00000| Untracked 
|  41|0x00000000c5b00000, 0x00000000c5b00000, 0x00000000c5c00000|  0%| F|  |TAMS 0x00000000c5b00000, 0x00000000c5b00000| Untracked 
|  42|0x00000000c5c00000, 0x00000000c5c00000, 0x00000000c5d00000|  0%| F|  |TAMS 0x00000000c5c00000, 0x00000000c5c00000| Untracked 
|  43|0x00000000c5d00000, 0x00000000c5d00000, 0x00000000c5e00000|  0%| F|  |TAMS 0x00000000c5d00000, 0x00000000c5d00000| Untracked 
|  44|0x00000000c5e00000, 0x00000000c5e00000, 0x00000000c5f00000|  0%| F|  |TAMS 0x00000000c5e00000, 0x00000000c5e00000| Untracked 
|  45|0x00000000c5f00000, 0x00000000c5f00000, 0x00000000c6000000|  0%| F|  |TAMS 0x00000000c5f00000, 0x00000000c5f00000| Untracked 
|  46|0x00000000c6000000, 0x00000000c6000000, 0x00000000c6100000|  0%| F|  |TAMS 0x00000000c6000000, 0x00000000c6000000| Untracked 
|  47|0x00000000c6100000, 0x00000000c6100000, 0x00000000c6200000|  0%| F|  |TAMS 0x00000000c6100000, 0x00000000c6100000| Untracked 
|  48|0x00000000c6200000, 0x00000000c6200000, 0x00000000c6300000|  0%| F|  |TAMS 0x00000000c6200000, 0x00000000c6200000| Untracked 
|  49|0x00000000c6300000, 0x00000000c6300000, 0x00000000c6400000|  0%| F|  |TAMS 0x00000000c6300000, 0x00000000c6300000| Untracked 
|  50|0x00000000c6400000, 0x00000000c6400000, 0x00000000c6500000|  0%| F|  |TAMS 0x00000000c6400000, 0x00000000c6400000| Untracked 
|  51|0x00000000c6500000, 0x00000000c6500000, 0x00000000c6600000|  0%| F|  |TAMS 0x00000000c6500000, 0x00000000c6500000| Untracked 
|  52|0x00000000c6600000, 0x00000000c6600000, 0x00000000c6700000|  0%| F|  |TAMS 0x00000000c6600000, 0x00000000c6600000| Untracked 
|  53|0x00000000c6700000, 0x00000000c6700000, 0x00000000c6800000|  0%| F|  |TAMS 0x00000000c6700000, 0x00000000c6700000| Untracked 
|  54|0x00000000c6800000, 0x00000000c6800000, 0x00000000c6900000|  0%| F|  |TAMS 0x00000000c6800000, 0x00000000c6800000| Untracked 
|  55|0x00000000c6900000, 0x00000000c6900000, 0x00000000c6a00000|  0%| F|  |TAMS 0x00000000c6900000, 0x00000000c6900000| Untracked 
|  56|0x00000000c6a00000, 0x00000000c6a00000, 0x00000000c6b00000|  0%| F|  |TAMS 0x00000000c6a00000, 0x00000000c6a00000| Untracked 
|  57|0x00000000c6b00000, 0x00000000c6b00000, 0x00000000c6c00000|  0%| F|  |TAMS 0x00000000c6b00000, 0x00000000c6b00000| Untracked 
|  58|0x00000000c6c00000, 0x00000000c6c00000, 0x00000000c6d00000|  0%| F|  |TAMS 0x00000000c6c00000, 0x00000000c6c00000| Untracked 
|  59|0x00000000c6d00000, 0x00000000c6d00000, 0x00000000c6e00000|  0%| F|  |TAMS 0x00000000c6d00000, 0x00000000c6d00000| Untracked 
|  60|0x00000000c6e00000, 0x00000000c6e28d80, 0x00000000c6f00000| 15%| E|  |TAMS 0x00000000c6e00000, 0x00000000c6e00000| Complete 
|  61|0x00000000c6f00000, 0x00000000c7000000, 0x00000000c7000000|100%| E|CS|TAMS 0x00000000c6f00000, 0x00000000c6f00000| Complete 

Card table byte_map: [0x000001559b8d0000,0x000001559bac0000] _byte_map_base: 0x000001559b2b7000

Marking Bits (Prev, Next): (CMBitMap*) 0x00000155832a6e50, (CMBitMap*) 0x00000155832a6e10
 Prev Bits: [0x000001559cbf0000, 0x000001559db28000)
 Next Bits: [0x000001559bcb0000, 0x000001559cbe8000)

Polling page: 0x0000015583000000

Metaspace:

Usage:
  Non-class:     15.43 MB used.
      Class:      2.00 MB used.
       Both:     17.43 MB used.

Virtual space:
  Non-class space:       64.00 MB reserved,      15.56 MB ( 24%) committed,  1 nodes.
      Class space:        1.00 GB reserved,       2.12 MB ( <1%) committed,  1 nodes.
             Both:        1.06 GB reserved,      17.69 MB (  2%) committed. 

Chunk freelists:
   Non-Class:  320.00 KB
       Class:  13.75 MB
        Both:  14.06 MB

MaxMetaspaceSize: unlimited
CompressedClassSpaceSize: 1.00 GB
Initial GC threshold: 21.00 MB
Current GC threshold: 28.44 MB
CDS: on
MetaspaceReclaimPolicy: balanced
 - commit_granule_bytes: 65536.
 - commit_granule_words: 8192.
 - virtual_space_node_default_size: 8388608.
 - enlarge_chunks_in_place: 1.
 - new_chunks_are_fully_committed: 0.
 - uncommit_free_chunks: 1.
 - use_allocation_guard: 0.
 - handle_deallocations: 1.


Internal statistics:

num_allocs_failed_limit: 0.
num_arena_births: 138.
num_arena_deaths: 0.
num_vsnodes_births: 2.
num_vsnodes_deaths: 0.
num_space_committed: 283.
num_space_uncommitted: 0.
num_chunks_returned_to_freelist: 0.
num_chunks_taken_from_freelist: 805.
num_chunk_merges: 0.
num_chunk_splits: 529.
num_chunks_enlarged: 401.
num_inconsistent_stats: 0.

CodeHeap 'non-profiled nmethods': size=120064Kb used=2606Kb max_used=2606Kb free=117457Kb
 bounds [0x0000015593da0000, 0x0000015594030000, 0x000001559b2e0000]
CodeHeap 'profiled nmethods': size=120000Kb used=10524Kb max_used=10524Kb free=109475Kb
 bounds [0x000001558c2e0000, 0x000001558cd30000, 0x0000015593810000]
CodeHeap 'non-nmethods': size=5696Kb used=1186Kb max_used=1227Kb free=4509Kb
 bounds [0x0000015593810000, 0x0000015593a80000, 0x0000015593da0000]
 total_blobs=5239 nmethods=4760 adapters=392
 compilation: enabled
              stopped_count=0, restarted_count=0
 full_count=0

Compilation events (20 events):
Event: 157.369 Thread 0x000001559ff00370 nmethod 4754 0x000001558cd1b990 code [0x000001558cd1bd40, 0x000001558cd1d8b8]
Event: 157.369 Thread 0x000001559ff00370 4755       1       org.apache.maven.artifact.DefaultArtifact::getScope (5 bytes)
Event: 157.369 Thread 0x000001559ff00370 nmethod 4755 0x000001559402a710 code [0x000001559402a8a0, 0x000001559402a978]
Event: 157.417 Thread 0x000001559ff00370 4756       1       org.apache.maven.artifact.DefaultArtifact::getFile (5 bytes)
Event: 157.417 Thread 0x000001559ff00370 nmethod 4756 0x000001559402aa10 code [0x000001559402aba0, 0x000001559402ac78]
Event: 158.149 Thread 0x000001559ff00370 4757       1       org.apache.maven.artifact.DefaultArtifact::getArtifactHandler (5 bytes)
Event: 158.149 Thread 0x000001559ff00370 nmethod 4757 0x000001559402ad10 code [0x000001559402aea0, 0x000001559402af78]
Event: 158.385 Thread 0x000001559ff00370 4758       3       jdk.internal.reflect.UnsafeFieldAccessorFactory::newFieldAccessor (638 bytes)
Event: 158.386 Thread 0x000001559fe99a10 4759       4       java.lang.reflect.Field::copy (80 bytes)
Event: 158.388 Thread 0x000001559ff00370 nmethod 4758 0x000001558cd1e090 code [0x000001558cd1e7e0, 0x000001558cd21398]
Event: 158.389 Thread 0x000001559fe99a10 nmethod 4759 0x000001559402b010 code [0x000001559402b1a0, 0x000001559402b318]
Event: 158.389 Thread 0x000001559fe99a10 4760       4       java.lang.reflect.Field::<init> (50 bytes)
Event: 158.389 Thread 0x000001559ff00370 4761   !   3       java.lang.StringLatin1::replace (291 bytes)
Event: 158.391 Thread 0x000001559ff00370 nmethod 4761 0x000001558cd22110 code [0x000001558cd22420, 0x000001558cd23628]
Event: 158.396 Thread 0x000001559fe99a10 nmethod 4760 0x000001559402b410 code [0x000001559402b580, 0x000001559402bab8]
Event: 158.402 Thread 0x000001559ff00370 4762       3       java.lang.Class::getMethods (26 bytes)
Event: 158.402 Thread 0x000001559ff00370 nmethod 4762 0x000001558cd23f90 code [0x000001558cd24180, 0x000001558cd24498]
Event: 158.404 Thread 0x000001559ff00370 4763       3       org.eclipse.sisu.plexus.CompositeBeanHelper::findMethod (124 bytes)
Event: 158.406 Thread 0x000001559ff00370 nmethod 4763 0x000001558cd24610 code [0x000001558cd24920, 0x000001558cd25db8]
Event: 158.409 Thread 0x000001559fe99a10 4764       4       org.eclipse.sisu.bean.DeclaredMembers$MemberIterator::hasNext (97 bytes)

GC Heap History (20 events):
Event: 11.921 GC heap before
{Heap before GC invocations=1 (full 0):
 garbage-first heap   total 63488K, used 4987K [0x00000000c3200000, 0x0000000100000000)
  region size 1024K, 5 young (5120K), 1 survivors (1024K)
 Metaspace       used 2406K, committed 2560K, reserved 1114112K
  class space    used 234K, committed 320K, reserved 1048576K
}
Event: 11.924 GC heap after
{Heap after GC invocations=2 (full 0):
 garbage-first heap   total 63488K, used 2313K [0x00000000c3200000, 0x0000000100000000)
  region size 1024K, 1 young (1024K), 1 survivors (1024K)
 Metaspace       used 2406K, committed 2560K, reserved 1114112K
  class space    used 234K, committed 320K, reserved 1048576K
}
Event: 15.538 GC heap before
{Heap before GC invocations=2 (full 0):
 garbage-first heap   total 63488K, used 13577K [0x00000000c3200000, 0x0000000100000000)
  region size 1024K, 12 young (12288K), 1 survivors (1024K)
 Metaspace       used 4605K, committed 4736K, reserved 1114112K
  class space    used 534K, committed 576K, reserved 1048576K
}
Event: 15.542 GC heap after
{Heap after GC invocations=3 (full 0):
 garbage-first heap   total 63488K, used 3447K [0x00000000c3200000, 0x0000000100000000)
  region size 1024K, 2 young (2048K), 2 survivors (2048K)
 Metaspace       used 4605K, committed 4736K, reserved 1114112K
  class space    used 534K, committed 576K, reserved 1048576K
}
Event: 19.407 GC heap before
{Heap before GC invocations=3 (full 0):
 garbage-first heap   total 63488K, used 19831K [0x00000000c3200000, 0x0000000100000000)
  region size 1024K, 18 young (18432K), 2 survivors (2048K)
 Metaspace       used 6072K, committed 6208K, reserved 1114112K
  class space    used 731K, committed 832K, reserved 1048576K
}
Event: 19.412 GC heap after
{Heap after GC invocations=4 (full 0):
 garbage-first heap   total 63488K, used 4012K [0x00000000c3200000, 0x0000000100000000)
  region size 1024K, 2 young (2048K), 2 survivors (2048K)
 Metaspace       used 6072K, committed 6208K, reserved 1114112K
  class space    used 731K, committed 832K, reserved 1048576K
}
Event: 29.266 GC heap before
{Heap before GC invocations=4 (full 0):
 garbage-first heap   total 63488K, used 39852K [0x00000000c3200000, 0x0000000100000000)
  region size 1024K, 37 young (37888K), 2 survivors (2048K)
 Metaspace       used 9927K, committed 10112K, reserved 1114112K
  class space    used 1217K, committed 1280K, reserved 1048576K
}
Event: 29.281 GC heap after
{Heap after GC invocations=5 (full 0):
 garbage-first heap   total 63488K, used 5557K [0x00000000c3200000, 0x0000000100000000)
  region size 1024K, 4 young (4096K), 4 survivors (4096K)
 Metaspace       used 9927K, committed 10112K, reserved 1114112K
  class space    used 1217K, committed 1280K, reserved 1048576K
}
Event: 50.054 GC heap before
{Heap before GC invocations=5 (full 0):
 garbage-first heap   total 63488K, used 39349K [0x00000000c3200000, 0x0000000100000000)
  region size 1024K, 37 young (37888K), 4 survivors (4096K)
 Metaspace       used 14559K, committed 14784K, reserved 1114112K
  class space    used 1776K, committed 1856K, reserved 1048576K
}
Event: 50.077 GC heap after
{Heap after GC invocations=6 (full 0):
 garbage-first heap   total 63488K, used 8568K [0x00000000c3200000, 0x0000000100000000)
  region size 1024K, 5 young (5120K), 5 survivors (5120K)
 Metaspace       used 14559K, committed 14784K, reserved 1114112K
  class space    used 1776K, committed 1856K, reserved 1048576K
}
Event: 62.459 GC heap before
{Heap before GC invocations=6 (full 0):
 garbage-first heap   total 63488K, used 41336K [0x00000000c3200000, 0x0000000100000000)
  region size 1024K, 37 young (37888K), 5 survivors (5120K)
 Metaspace       used 15519K, committed 15744K, reserved 1114112K
  class space    used 1860K, committed 1920K, reserved 1048576K
}
Event: 62.478 GC heap after
{Heap after GC invocations=7 (full 0):
 garbage-first heap   total 63488K, used 12977K [0x00000000c3200000, 0x0000000100000000)
  region size 1024K, 5 young (5120K), 5 survivors (5120K)
 Metaspace       used 15519K, committed 15744K, reserved 1114112K
  class space    used 1860K, committed 1920K, reserved 1048576K
}
Event: 79.150 GC heap before
{Heap before GC invocations=7 (full 0):
 garbage-first heap   total 63488K, used 44721K [0x00000000c3200000, 0x0000000100000000)
  region size 1024K, 36 young (36864K), 5 survivors (5120K)
 Metaspace       used 15900K, committed 16064K, reserved 1114112K
  class space    used 1865K, committed 1920K, reserved 1048576K
}
Event: 79.165 GC heap after
{Heap after GC invocations=8 (full 0):
 garbage-first heap   total 63488K, used 14111K [0x00000000c3200000, 0x0000000100000000)
  region size 1024K, 2 young (2048K), 2 survivors (2048K)
 Metaspace       used 15900K, committed 16064K, reserved 1114112K
  class space    used 1865K, committed 1920K, reserved 1048576K
}
Event: 116.556 GC heap before
{Heap before GC invocations=8 (full 0):
 garbage-first heap   total 63488K, used 50975K [0x00000000c3200000, 0x0000000100000000)
  region size 1024K, 31 young (31744K), 2 survivors (2048K)
 Metaspace       used 17193K, committed 17472K, reserved 1114112K
  class space    used 1996K, committed 2112K, reserved 1048576K
}
Event: 116.608 GC heap after
{Heap after GC invocations=9 (full 0):
 garbage-first heap   total 63488K, used 24351K [0x00000000c3200000, 0x0000000100000000)
  region size 1024K, 4 young (4096K), 4 survivors (4096K)
 Metaspace       used 17193K, committed 17472K, reserved 1114112K
  class space    used 1996K, committed 2112K, reserved 1048576K
}
Event: 116.907 GC heap before
{Heap before GC invocations=9 (full 0):
 garbage-first heap   total 63488K, used 36639K [0x00000000c3200000, 0x0000000100000000)
  region size 1024K, 5 young (5120K), 4 survivors (4096K)
 Metaspace       used 17193K, committed 17472K, reserved 1114112K
  class space    used 1996K, committed 2112K, reserved 1048576K
}
Event: 116.919 GC heap after
{Heap after GC invocations=10 (full 0):
 garbage-first heap   total 63488K, used 36518K [0x00000000c3200000, 0x0000000100000000)
  region size 1024K, 2 young (2048K), 2 survivors (2048K)
 Metaspace       used 17193K, committed 17472K, reserved 1114112K
  class space    used 1996K, committed 2112K, reserved 1048576K
}
Event: 157.279 GC heap before
{Heap before GC invocations=11 (full 0):
 garbage-first heap   total 63488K, used 59046K [0x00000000c3200000, 0x0000000100000000)
  region size 1024K, 13 young (13312K), 2 survivors (2048K)
 Metaspace       used 17622K, committed 17920K, reserved 1114112K
  class space    used 2031K, committed 2176K, reserved 1048576K
}
Event: 157.309 GC heap after
{Heap after GC invocations=12 (full 0):
 garbage-first heap   total 63488K, used 16809K [0x00000000c3200000, 0x0000000100000000)
  region size 1024K, 1 young (1024K), 1 survivors (1024K)
 Metaspace       used 17622K, committed 17920K, reserved 1114112K
  class space    used 2031K, committed 2176K, reserved 1048576K
}

Dll operation events (8 events):
Event: 0.194 Loaded shared library C:\Program Files\Amazon Corretto\jdk17.0.20_8\bin\java.dll
Event: 1.673 Loaded shared library C:\Program Files\Amazon Corretto\jdk17.0.20_8\bin\jsvml.dll
Event: 2.974 Loaded shared library C:\Program Files\Amazon Corretto\jdk17.0.20_8\bin\net.dll
Event: 2.981 Loaded shared library C:\Program Files\Amazon Corretto\jdk17.0.20_8\bin\nio.dll
Event: 2.997 Loaded shared library C:\Program Files\Amazon Corretto\jdk17.0.20_8\bin\zip.dll
Event: 7.977 Loaded shared library C:\Users\mgung\.m2\wrapper\dists\apache-maven-3.9.16\0daed3be3ebd1c706f0e69e8b07c6b73f5cc4ea3dfce72a8d0ec2e849ca2ddb0\lib\jansi-native\Windows\x86_64\jansi.dll
Event: 8.548 Loaded shared library C:\Program Files\Amazon Corretto\jdk17.0.20_8\bin\verify.dll
Event: 10.808 Loaded shared library C:\Program Files\Amazon Corretto\jdk17.0.20_8\bin\jimage.dll

Deoptimization events (20 events):
Event: 118.291 Thread 0x0000015583268940 Uncommon trap: trap_request=0xffffff45 fr.pc=0x0000015594011114 relative=0x0000000000000274
Event: 118.291 Thread 0x0000015583268940 Uncommon trap: reason=unstable_if action=reinterpret pc=0x0000015594011114 method=java.io.BufferedReader.read()I @ 19 c2
Event: 118.291 Thread 0x0000015583268940 DEOPT PACKING pc=0x0000015594011114 sp=0x0000004bb09fd480
Event: 118.291 Thread 0x0000015583268940 DEOPT UNPACKING pc=0x000001559386699d sp=0x0000004bb09fd430 mode 2
Event: 129.661 Thread 0x0000015583268940 DEOPT PACKING pc=0x000001558c8a34fa sp=0x0000004bb09fbfb0
Event: 129.661 Thread 0x0000015583268940 DEOPT UNPACKING pc=0x0000015593867124 sp=0x0000004bb09fb4c0 mode 0
Event: 139.526 Thread 0x0000015583268940 Uncommon trap: trap_request=0xffffff45 fr.pc=0x0000015593decda4 relative=0x0000000000000064
Event: 139.526 Thread 0x0000015583268940 Uncommon trap: reason=unstable_if action=reinterpret pc=0x0000015593decda4 method=sun.net.www.ParseUtil.firstEncodeIndex(Ljava/lang/String;)I @ 51 c2
Event: 139.526 Thread 0x0000015583268940 DEOPT PACKING pc=0x0000015593decda4 sp=0x0000004bb09fcd00
Event: 139.526 Thread 0x0000015583268940 DEOPT UNPACKING pc=0x000001559386699d sp=0x0000004bb09fcc88 mode 2
Event: 155.688 Thread 0x0000015583268940 DEOPT PACKING pc=0x000001558cd0a7b8 sp=0x0000004bb09fb780
Event: 155.688 Thread 0x0000015583268940 DEOPT UNPACKING pc=0x0000015593867124 sp=0x0000004bb09fac98 mode 0
Event: 157.237 Thread 0x0000015583268940 Uncommon trap: trap_request=0xffffffc6 fr.pc=0x0000015593e50874 relative=0x0000000000000334
Event: 157.237 Thread 0x0000015583268940 Uncommon trap: reason=bimorphic_or_optimized_type_check action=maybe_recompile pc=0x0000015593e50874 method=java.nio.Buffer.<init>(IIIILjdk/internal/access/foreign/MemorySegmentProxy;)V @ 39 c2
Event: 157.237 Thread 0x0000015583268940 DEOPT PACKING pc=0x0000015593e50874 sp=0x0000004bb09f7ed0
Event: 157.237 Thread 0x0000015583268940 DEOPT UNPACKING pc=0x000001559386699d sp=0x0000004bb09f7e78 mode 2
Event: 158.398 Thread 0x0000015583268940 Uncommon trap: trap_request=0xffffff45 fr.pc=0x0000015593e40e68 relative=0x00000000000015c8
Event: 158.398 Thread 0x0000015583268940 Uncommon trap: reason=unstable_if action=reinterpret pc=0x0000015593e40e68 method=sun.net.www.ParseUtil.match(CJJ)Z @ 13 c2
Event: 158.398 Thread 0x0000015583268940 DEOPT PACKING pc=0x0000015593e40e68 sp=0x0000004bb09fcd00
Event: 158.399 Thread 0x0000015583268940 DEOPT UNPACKING pc=0x000001559386699d sp=0x0000004bb09fcb18 mode 2

Classes loaded (20 events):
Event: 110.442 Loading class java/io/Externalizable done
Event: 110.443 Loading class java/time/zone/Ser done
Event: 110.705 Loading class java/time/zone/ZoneOffsetTransition
Event: 110.705 Loading class java/time/zone/ZoneOffsetTransition done
Event: 111.587 Loading class jdk/internal/reflect/UnsafeBooleanFieldAccessorImpl
Event: 111.727 Loading class jdk/internal/reflect/UnsafeBooleanFieldAccessorImpl done
Event: 113.103 Loading class java/lang/Character$UnicodeBlock
Event: 113.109 Loading class java/lang/Character$Subset
Event: 113.109 Loading class java/lang/Character$Subset done
Event: 113.109 Loading class java/lang/Character$UnicodeBlock done
Event: 116.088 Loading class sun/nio/cs/UTF_8$Encoder
Event: 116.204 Loading class sun/nio/cs/UTF_8$Encoder done
Event: 118.293 Loading class java/nio/BufferMismatch
Event: 118.304 Loading class java/nio/BufferMismatch done
Event: 118.368 Loading class java/nio/file/attribute/PosixFileAttributes
Event: 118.369 Loading class java/nio/file/attribute/PosixFileAttributes done
Event: 155.956 Loading class java/io/FileWriter
Event: 156.034 Loading class java/io/FileWriter done
Event: 158.405 Loading class jdk/internal/reflect/UnsafeIntegerFieldAccessorImpl
Event: 158.408 Loading class jdk/internal/reflect/UnsafeIntegerFieldAccessorImpl done

Classes unloaded (0 events):
No events

Classes redefined (0 events):
No events

Internal exceptions (20 events):
Event: 31.085 Thread 0x0000015583268940 Exception <a 'java/lang/NoSuchMethodError'{0x00000000c6bf5378}: 'java.lang.Object java.lang.invoke.Invokers$Holder.invokeExact_MT(java.lang.Object, int, java.lang.Object)'> (0x00000000c6bf5378) 
thrown [s\src\hotspot\share\interpreter\linkResolver.cpp, line 759]
Event: 31.147 Thread 0x0000015583268940 Exception <a 'java/lang/NoSuchMethodError'{0x00000000c6a6f4a0}: 'int java.lang.invoke.DirectMethodHandle$Holder.invokeSpecial(java.lang.Object, java.lang.Object, java.lang.Object, java.lang.Object)'> (0x00000000c6a6f4a0) 
thrown [s\src\hotspot\share\interpreter\linkResolver.cpp, line 759]
Event: 39.637 Thread 0x0000015583268940 Exception <a 'java/lang/NoClassDefFoundError'{0x00000000c604c038}: com/google/inject/servlet/ServletModuleTargetVisitor> (0x00000000c604c038) 
thrown [s\src\hotspot\share\classfile\systemDictionary.cpp, line 246]
Event: 41.597 Thread 0x0000015583268940 Exception <a 'java/lang/NoSuchMethodError'{0x00000000c5ed6320}: 'java.lang.Object java.lang.invoke.DirectMethodHandle$Holder.invokeStaticInit(java.lang.Object, int, int, int, int)'> (0x00000000c5ed6320) 
thrown [s\src\hotspot\share\interpreter\linkResolver.cpp, line 759]
Event: 43.367 Thread 0x0000015583268940 Implicit null exception at 0x0000015593dd8ff2 to 0x0000015593dd9504
Event: 43.368 Thread 0x0000015583268940 Implicit null exception at 0x0000015593dcdf72 to 0x0000015593dce498
Event: 46.656 Thread 0x0000015583268940 Exception <a 'java/lang/NoSuchMethodError'{0x00000000c576dec8}: 'void java.lang.invoke.DirectMethodHandle$Holder.invokeSpecial(java.lang.Object, java.lang.Object, java.lang.Object, java.lang.Object, java.lang.Object)'> (0x00000000c576dec8) 
thrown [s\src\hotspot\share\interpreter\linkResolver.cpp, line 759]
Event: 46.663 Thread 0x0000015583268940 Exception <a 'java/lang/NoSuchMethodError'{0x00000000c578b8a0}: 'void java.lang.invoke.DirectMethodHandle$Holder.invokeSpecial(java.lang.Object, java.lang.Object, java.lang.Object, java.lang.Object, java.lang.Object, java.lang.Object)'> (0x00000000c578b8a0) 
thrown [s\src\hotspot\share\interpreter\linkResolver.cpp, line 759]
Event: 46.852 Thread 0x0000015583268940 Exception <a 'java/lang/NoSuchMethodError'{0x00000000c56919a8}: 'java.lang.Object java.lang.invoke.DirectMethodHandle$Holder.invokeVirtual(java.lang.Object, java.lang.Object, java.lang.Object)'> (0x00000000c56919a8) 
thrown [s\src\hotspot\share\interpreter\linkResolver.cpp, line 759]
Event: 55.375 Thread 0x0000015583268940 Implicit null exception at 0x0000015593ed6c6c to 0x0000015593ed81dc
Event: 55.375 Thread 0x0000015583268940 Implicit null exception at 0x0000015593eceeec to 0x0000015593ecf0cc
Event: 55.376 Thread 0x0000015583268940 Implicit null exception at 0x0000015593dff058 to 0x0000015593dff0ee
Event: 55.379 Thread 0x0000015583268940 Exception <a 'java/lang/NoSuchMethodError'{0x00000000c5b86580}: 'void java.lang.invoke.DirectMethodHandle$Holder.invokeStatic(java.lang.Object, java.lang.Object, java.lang.Object, java.lang.Object)'> (0x00000000c5b86580) 
thrown [s\src\hotspot\share\interpreter\linkResolver.cpp, line 759]
Event: 55.575 Thread 0x0000015583268940 Exception <a 'java/lang/NoSuchMethodError'{0x00000000c5a07da8}: 'int java.lang.invoke.DirectMethodHandle$Holder.invokeSpecialIFC(java.lang.Object, java.lang.Object, java.lang.Object, java.lang.Object)'> (0x00000000c5a07da8) 
thrown [s\src\hotspot\share\interpreter\linkResolver.cpp, line 759]
Event: 84.517 Thread 0x0000015583268940 Implicit null exception at 0x0000015593e5baaf to 0x0000015593e5bb29
Event: 90.432 Thread 0x0000015583268940 Implicit null exception at 0x0000015593fc54af to 0x0000015593fc551e
Event: 90.434 Thread 0x0000015583268940 Exception <a 'java/lang/NoSuchMethodError'{0x00000000c61f3d68}: 'java.lang.Object java.lang.invoke.DirectMethodHandle$Holder.newInvokeSpecial(java.lang.Object, java.lang.Object, java.lang.Object, java.lang.Object, java.lang.Object, java.lang.Object, java.lang.Object)'> (0x00000000c61f3d68) 
thrown [s\src\hotspot\share\interpreter\linkResolver.cpp, line 759]
Event: 90.434 Thread 0x0000015583268940 Exception <a 'java/lang/NoSuchMethodError'{0x00000000c61f8678}: 'java.lang.Object java.lang.invoke.Invokers$Holder.linkToTargetMethod(java.lang.Object, java.lang.Object, java.lang.Object, java.lang.Object, java.lang.Object, java.lang.Object, java.lang.Object)'> (0x00000000c61f8678) 
thrown [s\src\hotspot\share\interpreter\linkResolver.cpp, line 759]
Event: 101.712 Thread 0x0000015583268940 Implicit null exception at 0x0000015593fbed23 to 0x0000015593fbf3ec
Event: 103.441 Thread 0x0000015583268940 Exception <a 'java/lang/NoSuchMethodError'{0x00000000c564c2d8}: 'int java.lang.invoke.DirectMethodHandle$Holder.invokeVirtual(java.lang.Object, java.lang.Object)'> (0x00000000c564c2d8) 
thrown [s\src\hotspot\share\interpreter\linkResolver.cpp, line 759]

VM Operations (20 events):
Event: 145.735 Executing VM operation: Cleanup
Event: 145.735 Executing VM operation: Cleanup done
Event: 146.740 Executing VM operation: Cleanup
Event: 147.453 Executing VM operation: Cleanup done
Event: 149.466 Executing VM operation: Cleanup
Event: 149.466 Executing VM operation: Cleanup done
Event: 150.469 Executing VM operation: Cleanup
Event: 150.608 Executing VM operation: Cleanup done
Event: 152.634 Executing VM operation: Cleanup
Event: 152.973 Executing VM operation: Cleanup done
Event: 153.976 Executing VM operation: Cleanup
Event: 154.024 Executing VM operation: Cleanup done
Event: 155.038 Executing VM operation: Cleanup
Event: 155.069 Executing VM operation: Cleanup done
Event: 156.085 Executing VM operation: Cleanup
Event: 156.148 Executing VM operation: Cleanup done
Event: 157.275 Executing VM operation: G1CollectForAllocation
Event: 157.310 Executing VM operation: G1CollectForAllocation done
Event: 158.325 Executing VM operation: Cleanup
Event: 158.383 Executing VM operation: Cleanup done

Memory protections (0 events):
No events

Nmethod flushes (0 events):
No events

Events (15 events):
Event: 1.676 Thread 0x0000015583268940 Thread added: 0x0000015583268940
Event: 2.074 Thread 0x0000015583268940 Thread added: 0x000001559fe7aa40
Event: 2.075 Thread 0x0000015583268940 Thread added: 0x000001559fe7d7c0
Event: 2.128 Thread 0x0000015583268940 Thread added: 0x000001559fe94f20
Event: 2.129 Thread 0x0000015583268940 Thread added: 0x000001559fe958e0
Event: 2.129 Thread 0x0000015583268940 Thread added: 0x000001559fe962a0
Event: 2.135 Thread 0x0000015583268940 Thread added: 0x000001559fe96c60
Event: 2.137 Thread 0x0000015583268940 Thread added: 0x000001559fe99a10
Event: 2.292 Thread 0x0000015583268940 Thread added: 0x000001559ff00370
Event: 2.396 Thread 0x0000015583268940 Thread added: 0x000001559ff0c4d0
Event: 2.603 Thread 0x0000015583268940 Thread added: 0x00000155e5191580
Event: 2.711 Thread 0x0000015583268940 Thread added: 0x00000155e51a8140
Event: 7.902 Thread 0x0000015583268940 Thread added: 0x00000155e52ebbd0
Event: 14.910 Thread 0x00000155e52ebbd0 Thread exited: 0x00000155e52ebbd0
Event: 41.743 Thread 0x0000015583268940 Thread added: 0x00000155e5e0c0c0


Dynamic libraries:
0x00007ff7f6100000 - 0x00007ff7f610e000 	C:\Program Files\Amazon Corretto\jdk17.0.20_8\bin\java.exe
0x00007ffbeb6e0000 - 0x00007ffbeb946000 	C:\WINDOWS\SYSTEM32\ntdll.dll
0x00007ffbe9d70000 - 0x00007ffbe9e39000 	C:\WINDOWS\System32\KERNEL32.DLL
0x00007ffbe8c10000 - 0x00007ffbe900e000 	C:\WINDOWS\System32\KERNELBASE.dll
0x00007ffbe8900000 - 0x00007ffbe8a4c000 	C:\WINDOWS\System32\ucrtbase.dll
0x00007ffb7fea0000 - 0x00007ffb7feb8000 	C:\Program Files\Amazon Corretto\jdk17.0.20_8\bin\jli.dll
0x00007ffbeb4c0000 - 0x00007ffbeb687000 	C:\WINDOWS\System32\USER32.dll
0x00007ffbe8a60000 - 0x00007ffbe8a87000 	C:\WINDOWS\System32\win32u.dll
0x00007ffbea940000 - 0x00007ffbea96b000 	C:\WINDOWS\System32\GDI32.dll
0x00007ffbe92e0000 - 0x00007ffbe940a000 	C:\WINDOWS\System32\gdi32full.dll
0x00007ffbe90e0000 - 0x00007ffbe9183000 	C:\WINDOWS\System32\msvcp_win.dll
0x00007ffb0d430000 - 0x00007ffb0d44e000 	C:\Program Files\Amazon Corretto\jdk17.0.20_8\bin\VCRUNTIME140.dll
0x00007ffbcf270000 - 0x00007ffbcf502000 	C:\WINDOWS\WinSxS\amd64_microsoft.windows.common-controls_6595b64144ccf1df_6.0.26100.8875_none_3e0d5d42e32fe9dd\COMCTL32.dll
0x00007ffbeb060000 - 0x00007ffbeb109000 	C:\WINDOWS\System32\msvcrt.dll
0x00007ffbea820000 - 0x00007ffbea852000 	C:\WINDOWS\System32\IMM32.DLL
0x00007ffb31e10000 - 0x00007ffb31e1c000 	C:\Program Files\Amazon Corretto\jdk17.0.20_8\bin\vcruntime140_1.dll
0x00007ffb0d3a0000 - 0x00007ffb0d429000 	C:\Program Files\Amazon Corretto\jdk17.0.20_8\bin\msvcp140.dll
0x00007ffb0b2b0000 - 0x00007ffb0bf25000 	C:\Program Files\Amazon Corretto\jdk17.0.20_8\bin\server\jvm.dll
0x00007ffbea1e0000 - 0x00007ffbea297000 	C:\WINDOWS\System32\ADVAPI32.dll
0x00007ffbe9cc0000 - 0x00007ffbe9d6a000 	C:\WINDOWS\System32\sechost.dll
0x00007ffbe9e40000 - 0x00007ffbe9f58000 	C:\WINDOWS\System32\RPCRT4.dll
0x00007ffbea3b0000 - 0x00007ffbea430000 	C:\WINDOWS\System32\WS2_32.dll
0x00007ffbe8760000 - 0x00007ffbe87be000 	C:\WINDOWS\SYSTEM32\POWRPROF.dll
0x00007ffbcb6a0000 - 0x00007ffbcb6d6000 	C:\WINDOWS\SYSTEM32\WINMM.dll
0x00007ffbd9530000 - 0x00007ffbd953b000 	C:\WINDOWS\SYSTEM32\VERSION.dll
0x00007ffbe8740000 - 0x00007ffbe8754000 	C:\WINDOWS\SYSTEM32\UMPDC.dll
0x00007ffbe75e0000 - 0x00007ffbe75fb000 	C:\WINDOWS\SYSTEM32\kernel.appcore.dll
0x00007ffb19980000 - 0x00007ffb1998a000 	C:\Program Files\Amazon Corretto\jdk17.0.20_8\bin\jimage.dll
0x00007ffbe5e80000 - 0x00007ffbe60c2000 	C:\WINDOWS\SYSTEM32\DBGHELP.DLL
0x00007ffbeb110000 - 0x00007ffbeb493000 	C:\WINDOWS\System32\combase.dll
0x00007ffbea860000 - 0x00007ffbea939000 	C:\WINDOWS\System32\OLEAUT32.dll
0x00007ffbbf980000 - 0x00007ffbbf9bb000 	C:\WINDOWS\SYSTEM32\dbgcore.DLL
0x00007ffbe9220000 - 0x00007ffbe92cc000 	C:\WINDOWS\System32\bcryptPrimitives.dll
0x00007ffb0d370000 - 0x00007ffb0d396000 	C:\Program Files\Amazon Corretto\jdk17.0.20_8\bin\java.dll
0x00007ffb0b1d0000 - 0x00007ffb0b2a7000 	C:\Program Files\Amazon Corretto\jdk17.0.20_8\bin\jsvml.dll
0x00007ffbe9510000 - 0x00007ffbe9ca2000 	C:\WINDOWS\System32\SHELL32.dll
0x00007ffbe63e0000 - 0x00007ffbe6c72000 	C:\WINDOWS\SYSTEM32\windows.storage.dll
0x00007ffbe9410000 - 0x00007ffbe9507000 	C:\WINDOWS\System32\SHCORE.dll
0x00007ffbea4d0000 - 0x00007ffbea537000 	C:\WINDOWS\System32\shlwapi.dll
0x00007ffbe8820000 - 0x00007ffbe8849000 	C:\WINDOWS\SYSTEM32\profapi.dll
0x00007ffb096e0000 - 0x00007ffb096fb000 	C:\Program Files\Amazon Corretto\jdk17.0.20_8\bin\net.dll
0x00007ffbd93d0000 - 0x00007ffbd94f7000 	C:\WINDOWS\SYSTEM32\WINHTTP.dll
0x00007ffbe7b90000 - 0x00007ffbe7bfc000 	C:\WINDOWS\system32\mswsock.dll
0x00007ffb096c0000 - 0x00007ffb096d6000 	C:\Program Files\Amazon Corretto\jdk17.0.20_8\bin\nio.dll
0x00007ffb096a0000 - 0x00007ffb096b8000 	C:\Program Files\Amazon Corretto\jdk17.0.20_8\bin\zip.dll
0x00007ffb091a0000 - 0x00007ffb091c4000 	C:\Users\mgung\.m2\wrapper\dists\apache-maven-3.9.16\0daed3be3ebd1c706f0e69e8b07c6b73f5cc4ea3dfce72a8d0ec2e849ca2ddb0\lib\jansi-native\Windows\x86_64\jansi.dll
0x00007ffb0d320000 - 0x00007ffb0d330000 	C:\Program Files\Amazon Corretto\jdk17.0.20_8\bin\verify.dll

dbghelp: loaded successfully - version: 4.0.5 - missing functions: none
symbol engine: initialized successfully - sym options: 0x614 - pdb path: .;C:\Program Files\Amazon Corretto\jdk17.0.20_8\bin;C:\WINDOWS\SYSTEM32;C:\WINDOWS\WinSxS\amd64_microsoft.windows.common-controls_6595b64144ccf1df_6.0.26100.8875_none_3e0d5d42e32fe9dd;C:\Program Files\Amazon Corretto\jdk17.0.20_8\bin\server;C:\Users\mgung\.m2\wrapper\dists\apache-maven-3.9.16\0daed3be3ebd1c706f0e69e8b07c6b73f5cc4ea3dfce72a8d0ec2e849ca2ddb0\lib\jansi-native\Windows\x86_64

VM Arguments:
jvm_args: --enable-native-access=ALL-UNNAMED -Dclassworlds.conf=C:\Users\mgung\.m2\wrapper\dists\apache-maven-3.9.16\0daed3be3ebd1c706f0e69e8b07c6b73f5cc4ea3dfce72a8d0ec2e849ca2ddb0\bin\m2.conf -Dmaven.home=C:\Users\mgung\.m2\wrapper\dists\apache-maven-3.9.16\0daed3be3ebd1c706f0e69e8b07c6b73f5cc4ea3dfce72a8d0ec2e849ca2ddb0 -Dlibrary.jansi.path=C:\Users\mgung\.m2\wrapper\dists\apache-maven-3.9.16\0daed3be3ebd1c706f0e69e8b07c6b73f5cc4ea3dfce72a8d0ec2e849ca2ddb0\lib\jansi-native -Dmaven.multiModuleProjectDirectory=C:\AndroidProject\GetYourRide_backend 
java_command: org.codehaus.plexus.classworlds.launcher.Launcher spring-boot:run
java_class_path (initial): C:\Users\mgung\.m2\wrapper\dists\apache-maven-3.9.16\0daed3be3ebd1c706f0e69e8b07c6b73f5cc4ea3dfce72a8d0ec2e849ca2ddb0\boot\plexus-classworlds-2.11.0.jar
Launcher Type: SUN_STANDARD

[Global flags]
     intx CICompilerCount                          = 2                                         {product} {ergonomic}
     uint ConcGCThreads                            = 1                                         {product} {ergonomic}
     uint G1ConcRefinementThreads                  = 2                                         {product} {ergonomic}
   size_t G1HeapRegionSize                         = 1048576                                   {product} {ergonomic}
    uintx GCDrainStackTargetSize                   = 64                                        {product} {ergonomic}
   size_t InitialHeapSize                          = 65011712                                  {product} {ergonomic}
   size_t MarkStackSize                            = 4194304                                   {product} {ergonomic}
   size_t MaxHeapSize                              = 1021313024                                {product} {ergonomic}
   size_t MaxNewSize                               = 612368384                                 {product} {ergonomic}
   size_t MinHeapDeltaBytes                        = 1048576                                   {product} {ergonomic}
   size_t MinHeapSize                              = 8388608                                   {product} {ergonomic}
    uintx NonNMethodCodeHeapSize                   = 5826188                                {pd product} {ergonomic}
    uintx NonProfiledCodeHeapSize                  = 122916026                              {pd product} {ergonomic}
    uintx ProfiledCodeHeapSize                     = 122916026                              {pd product} {ergonomic}
    uintx ReservedCodeCacheSize                    = 251658240                              {pd product} {ergonomic}
     bool SegmentedCodeCache                       = true                                      {product} {ergonomic}
   size_t SoftMaxHeapSize                          = 1021313024                             {manageable} {ergonomic}
     bool UseCompressedClassPointers               = true                           {product lp64_product} {ergonomic}
     bool UseCompressedOops                        = true                           {product lp64_product} {ergonomic}
     bool UseG1GC                                  = true                                      {product} {ergonomic}
     bool UseLargePagesIndividualAllocation        = false                                  {pd product} {ergonomic}

Logging:
Log output configuration:
 #0: stdout all=warning uptime,level,tags
 #1: stderr all=off uptime,level,tags

Environment Variables:
JAVA_HOME=C:\Program Files\Amazon Corretto\jdk17.0.20_8
PATH=C:\Program Files\Amazon Corretto\jdk17.0.20_8\bin;C:\Program Files\Common Files\Oracle\Java\javapath;C:\windows\system32;C:\windows;C:\windows\System32\Wbem;C:\windows\System32\WindowsPowerShell\v1.0\;C:\windows\System32\OpenSSH\;C:\WINDOWS\system32;C:\WINDOWS;C:\WINDOWS\System32\Wbem;C:\WINDOWS\System32\WindowsPowerShell\v1.0\;C:\WINDOWS\System32\OpenSSH\;C:\Program Files\Git\cmd;C:\Users\mgung\AppData\Local\Microsoft\WindowsApps;C:\Users\mgung\AppData\Local\Programs\Microsoft VS Code\bin;C:\Users\mgung\AppData\Local\Programs\Kiro\bin;c:\Users\mgung\.kiro\extensions\vscjava.vscode-java-debug-0.59.0-universal\bundled\scripts\noConfigScripts
USERNAME=mgung
LANG=en_US.UTF-8
OS=Windows_NT
PROCESSOR_IDENTIFIER=Intel64 Family 6 Model 156 Stepping 0, GenuineIntel
TMP=C:\Users\mgung\AppData\Local\Temp
TEMP=C:\Users\mgung\AppData\Local\Temp



Periodic native trim disabled


---------------  S Y S T E M  ---------------

OS:
 Windows 11 , 64 bit Build 26100 (10.0.26100.8875)
OS uptime: 0 days 0:14 hours

CPU: total 2 (initial active 2) (2 cores per cpu, 1 threads per core) family 6 model 156 stepping 0 microcode 0x24000026, cx8, cmov, fxsr, mmx, 3dnowpref, sse, sse2, sse3, ssse3, sse4.1, sse4.2, popcnt, tsc, tscinvbit, aes, erms, clmul, sha, clflush, clflushopt, clwb
Processor Information for all 2 processors :
  Max Mhz: 1114, Current Mhz: 1114, Mhz Limit: 1114

Memory: 4k page, system-wide physical 3889M (89M free)
TotalPageFile size 15665M (AvailPageFile size 84M)
current process WorkingSet (physical memory assigned to process): 72M, peak: 124M
current process commit charge ("private bytes"): 167M, peak: 180M

vm_info: OpenJDK 64-Bit Server VM (17.0.20+8-LTS) for windows-amd64 JRE (17.0.20+8-LTS), built on Jul 15 2026 20:32:46 by "Administrator" with MS VC++ 17.14 (VS2022)

END.
